dbespiatykh/TBvar	v1.0.1
  wf_reg_test.engines.SnakemakePythonError
    file: /tmp/tmpxveba92q/code/workflow/rules/reference.smk
    kind: WorkflowError
    line_no: 1
    rest: "\nThe Python package 'biopython' needs to be installed to use NCBI Entrez remote()\
      \ file functionality. No module named 'Bio'\n  File \"/tmp/tmpxveba92q/code/workflow/Snakefile\"\
      , line 15, in \n  File \"/tmp/tmpxveba92q/code/workflow/rules/reference.smk\"\
      , line 1, in \n"
The thing is, this works in GitHub CI somehow.

----------------------------------------------------------------------------------------------------

zifornd/arrays	1.0.0
IMS-Bio2Core-Facility/GTExSnake	v1.1.1
  wf_reg_test.engines.SnakemakeInternalError2
    kind: CreateCondaEnvironmentException
    msg: 'The ''conda'' command is not available inside your singularity container image.
      Snakemake mounts your conda installation into singularity. Sometimes, this can fail
      because of shell restrictions. It has been tested to work with docker://ubuntu,
      but it e.g. fails with docker://bash '

----------------------------------------------------------------------------------------------------

mhcquant 2.4.0
 stdout or .nextflow.log:
    Caused by:
      Process `NFCORE_MHCQUANT:MHCQUANT:INPUT_CHECK:SAMPLESHEET_CHECK (sample_sheet.tsv)` terminated with an error exit status (255)
    
    Command executed:
    
      check_samplesheet.py \
          sample_sheet.tsv \
          samplesheet.valid.csv
      
      cat <<-END_VERSIONS > versions.yml
      "NFCORE_MHCQUANT:MHCQUANT:INPUT_CHECK:SAMPLESHEET_CHECK":
          python: $(python --version | sed 's/Python //g')
      END_VERSIONS
    
    Command exit status:
      255
    
    Command output:
      (empty)
    
    Command error:
      INFO:    Converting SIF file to temporary sandbox...
      WARNING: Skipping mount /home/azureuser/spack/opt/spack/linux-ubuntu22.04-zen2/gcc-11.3.0/singularityce-3.10.3-msdj5bwwt36tiy36prbpozewixrm6lyw/var/singularity/mnt/session/etc/resolv.conf [files]: /etc/resolv.conf doesn't exist in container
      INFO:    Cleaning up image...
      FATAL:   container creation failed: mount /tmp/tmp2hn8wwjf/code->/tmp/tmp2hn8wwjf/code error: while mounting /tmp/tmp2hn8wwjf/code: destination /tmp/tmp2hn8wwjf/code doesn't exist in container
    
    Work dir:
      /tmp/tmp2hn8wwjf/code/work/b9/6a6b80b20dc0bec6ed92c71c6fb87b

Possible solutions
  https://github.com/nf-core/rnaseq/issues/494#issuecomment-726707520
    singularity.engineOptions = '--disable-cache' 
  https://github.com/nf-core/rnaseq/issues/715#issuecomment-962006818
    Fresh dirs for SINGULARITY_CACHEDIR, SINGULARITY_TMPDIR, NXF_SINGULARITY_CACHEDIR, NXF_HOME
export SINGULARITY_CACHEDIR=$PWD/SINGULARITY_CACHEDIR SINGULARITY_TMPDIR=$PWD/SINGULARITY_TMPDIR NXF_SINGULARITY_CACHEDIR=$PWD/NXF_SINGULARITY_CACHEDIR NXF_HOME=$PWD/NXF_HOME
  singularity.autoMounts = False?

----------------------------------------------------------------------------------------------------

False errors, didn't fix:
hasattr(error, "error") and "t exist in container" in error.error
hasattr(error, "kind") and error.kind == "CreateCondaEnvironmentException"
hasattr(error, "kind") and error.kind == "Sigterm"

False errors, fixed
hasattr(error, "rest") and ("o space left on device" in error.rest or "conda info --json" in error.rest or "peppy" in error.rest)
hasattr(error, "kind") and error.kind == "java.lang.IllegalStateException"
hasattr(error, "rest") and  "peppy" in error.rest

False errors, possibly fixed:
hasattr(error, "kind") and error.kind in {"InputFunctionException", "MissingInputException", "FileNotFoundError"}

Missing data:
(after 2023-02-12)
isinstance(error, (SnakemakePythonError, SnakemakeRuleError)) and error.kind in {"InputFunctionException", "MissingInputException", "FileNotFoundError"}

Missing packages:
hasattr(error, "rest") and "install" in error.rest

Manual examination:
isinstance(error, SnakemakePythonError) and error.kind in {"WorkflowError", "SystemExit"}
